// Jest Snapshot v1, https://goo.gl/fbAQLP

exports[`Rockets should render 1`] = `
Object {
  "asFragment": [Function],
  "baseElement": <body>
    <div>
      <nav>
        <div
          class="logo-nav"
        >
          <div
            class="logo"
          >
            <img
              alt="logo"
              src="Images/logo.jpg"
            />
          </div>
          <h1>
            Space Travelers Hub
          </h1>
        </div>
        <div>
          <ul
            class="navbar"
          >
            <li
              class="navbar-brand"
            >
              <a
                aria-current="page"
                class=" active-link active"
                href="/"
              >
                Rockets
              </a>
            </li>
            <br />
            <li
              class="navbar-brand"
            >
              <a
                class="nav-link"
                href="/missions"
              >
                Missions
              </a>
            </li>
            <li
              class="v-line"
            />
            <li
              class="navbar-brand"
            >
              <a
                class="nav-link"
                href="/profile"
              >
                My Profile
              </a>
            </li>
          </ul>
        </div>
      </nav>
    </div>
  </body>,
  "container": <div>
    <nav>
      <div
        class="logo-nav"
      >
        <div
          class="logo"
        >
          <img
            alt="logo"
            src="Images/logo.jpg"
          />
        </div>
        <h1>
          Space Travelers Hub
        </h1>
      </div>
      <div>
        <ul
          class="navbar"
        >
          <li
            class="navbar-brand"
          >
            <a
              aria-current="page"
              class=" active-link active"
              href="/"
            >
              Rockets
            </a>
          </li>
          <br />
          <li
            class="navbar-brand"
          >
            <a
              class="nav-link"
              href="/missions"
            >
              Missions
            </a>
          </li>
          <li
            class="v-line"
          />
          <li
            class="navbar-brand"
          >
            <a
              class="nav-link"
              href="/profile"
            >
              My Profile
            </a>
          </li>
        </ul>
      </div>
    </nav>
  </div>,
  "debug": [Function],
  "findAllByAltText": [Function],
  "findAllByDisplayValue": [Function],
  "findAllByLabelText": [Function],
  "findAllByPlaceholderText": [Function],
  "findAllByRole": [Function],
  "findAllByTestId": [Function],
  "findAllByText": [Function],
  "findAllByTitle": [Function],
  "findByAltText": [Function],
  "findByDisplayValue": [Function],
  "findByLabelText": [Function],
  "findByPlaceholderText": [Function],
  "findByRole": [Function],
  "findByTestId": [Function],
  "findByText": [Function],
  "findByTitle": [Function],
  "getAllByAltText": [Function],
  "getAllByDisplayValue": [Function],
  "getAllByLabelText": [Function],
  "getAllByPlaceholderText": [Function],
  "getAllByRole": [Function],
  "getAllByTestId": [Function],
  "getAllByText": [Function],
  "getAllByTitle": [Function],
  "getByAltText": [Function],
  "getByDisplayValue": [Function],
  "getByLabelText": [Function],
  "getByPlaceholderText": [Function],
  "getByRole": [Function],
  "getByTestId": [Function],
  "getByText": [Function],
  "getByTitle": [Function],
  "queryAllByAltText": [Function],
  "queryAllByDisplayValue": [Function],
  "queryAllByLabelText": [Function],
  "queryAllByPlaceholderText": [Function],
  "queryAllByRole": [Function],
  "queryAllByTestId": [Function],
  "queryAllByText": [Function],
  "queryAllByTitle": [Function],
  "queryByAltText": [Function],
  "queryByDisplayValue": [Function],
  "queryByLabelText": [Function],
  "queryByPlaceholderText": [Function],
  "queryByRole": [Function],
  "queryByTestId": [Function],
  "queryByText": [Function],
  "queryByTitle": [Function],
  "rerender": [Function],
  "unmount": [Function],
}
`;
